<?xml version="1.0" encoding="UTF-8" ?>
<worksheet xmlns="http://schemas.openxmlformats.org/spreadsheetml/2006/main" xmlns:r="http://schemas.openxmlformats.org/officeDocument/2006/relationships" xml:space="preserve">
  <sheetPr>
    <outlinePr summaryRight="1" summaryBelow="1"/>
  </sheetPr>
  <dimension ref="A1:B1"/>
  <sheetViews>
    <sheetView workbookViewId="0">
      <selection sqref="A1" activeCell="A1"/>
    </sheetView>
  </sheetViews>
  <sheetFormatPr defaultRowHeight="15"/>
  <cols>
    <col collapsed="0" max="1" min="1" width="9.10"/>
    <col collapsed="0" max="2" min="2" width="9.10"/>
  </cols>
  <sheetData>
    <row r="1" spans="1:2">
      <c r="A1" t="s">
        <v>0</v>
      </c>
      <c r="B1" t="s"/>
    </row>
  </sheetData>
  <mergeCells count="1">
    <mergeCell ref="A1:B1"/>
  </mergeCells>
</worksheet>
