<?xml version="1.0"?>
<worksheet xmlns:r="http://schemas.openxmlformats.org/officeDocument/2006/relationships" xmlns="http://schemas.openxmlformats.org/spreadsheetml/2006/main" xml:space="preserve">
  <sheetPr>
    <outlinePr summaryRight="1" summaryBelow="1"/>
  </sheetPr>
  <dimension ref="A1:A1"/>
  <sheetViews>
    <sheetView workbookViewId="0">
      <selection sqref="A1" activeCell="A1"/>
    </sheetView>
  </sheetViews>
  <sheetFormatPr defaultRowHeight="15"/>
  <cols>
    <col collapsed="0" min="1" max="1" width="9.10"/>
  </cols>
  <sheetData>
    <row spans="1:1" r="1" thickBot="1">
      <c t="s" s="1" r="A1">
        <v>0</v>
      </c>
    </row>
    <row r="2" spans="1:1" thickTop="1"/>
  </sheetData>
</worksheet>
