<?xml version="1.0" encoding="UTF-8" standalone="yes"?>
<styleSheet xmlns="http://schemas.openxmlformats.org/spreadsheetml/2006/main">
  <numFmts count="0"/>
  <fonts count="1">
    <font>
      <sz val="11"/>
      <color rgb="FF000000"/>
      <name val="Calibri"/>
    </font>
  </fonts>
  <fills count="5">
    <fill>
      <patternFill patternType="none"/>
    </fill>
    <fill>
      <patternFill patternType="gray125"/>
    </fill>
    <fill>
      <patternFill patternType="solid">
        <bgColor rgb="FFFF0000"/>
      </patternFill>
    </fill>
    <fill>
      <patternFill patternType="darkVertical">
        <bgColor rgb="FF00FF00"/>
      </patternFill>
    </fill>
    <fill>
      <patternFill patternType="lightGrid">
        <bgColor rgb="FFFFA500"/>
        <fgColor rgb="FFFFFF00"/>
      </patternFill>
    </fill>
  </fills>
  <borders count="1">
    <border>
      <left/>
      <right/>
      <top/>
      <bottom/>
      <diagonal/>
    </border>
  </borders>
  <cellStyleXfs count="1">
    <xf numFmtId="0" fontId="0" fillId="0" borderId="0"/>
  </cellStyleXfs>
  <cellXfs count="4">
    <xf numFmtId="0" fontId="0" fillId="0" borderId="0" xfId="0"/>
    <xf numFmtId="0" fontId="0" fillId="2" borderId="0" xfId="0" applyFill="1"/>
    <xf numFmtId="0" fontId="0" fillId="3" borderId="0" xfId="0" applyFill="1"/>
    <xf numFmtId="0" fontId="0" fillId="4" borderId="0" xfId="0" applyFill="1"/>
  </cellXfs>
  <cellStyles count="1">
    <cellStyle name="Normal" xfId="0" builtinId="0"/>
  </cellStyles>
  <dxfs count="0"/>
  <tableStyles count="0" defaultPivotStyle="PivotStyleLight16" defaultTableStyle="TableStyleMedium9"/>
</styleSheet>
