<?xml version="1.0" encoding="UTF-8" standalone="yes"?>
<styleSheet xmlns="http://schemas.openxmlformats.org/spreadsheetml/2006/main">
  <numFmts count="0"/>
  <fonts count="1">
    <font>
      <sz val="11"/>
      <color rgb="FF000000"/>
      <name val="Calibri"/>
    </font>
  </fonts>
  <fills count="2">
    <fill>
      <patternFill patternType="none"/>
    </fill>
    <fill>
      <patternFill patternType="gray125"/>
    </fill>
  </fills>
  <borders count="2">
    <border>
      <left/>
      <right/>
      <top/>
      <bottom/>
      <diagonal/>
    </border>
    <border>
      <left style="hair">
        <color rgb="FF000000"/>
      </left>
      <right style="thick">
        <color rgb="FF000000"/>
      </right>
      <top style="thin">
        <color rgb="FF000000"/>
      </top>
      <bottom style="double">
        <color rgb="FFFF0000"/>
      </bottom>
      <diagonal/>
    </border>
  </borders>
  <cellStyleXfs count="1">
    <xf numFmtId="0" fontId="0" fillId="0" borderId="0"/>
  </cellStyleXfs>
  <cellXfs count="2">
    <xf numFmtId="0" fontId="0" fillId="0" borderId="0" xfId="0"/>
    <xf numFmtId="0" fontId="0" fillId="0" borderId="1" xfId="0" applyBorder="1"/>
  </cellXfs>
  <cellStyles count="1">
    <cellStyle name="Normal" xfId="0" builtinId="0"/>
  </cellStyles>
  <dxfs count="0"/>
  <tableStyles count="0" defaultPivotStyle="PivotStyleLight16" defaultTableStyle="TableStyleMedium9"/>
</styleSheet>
