<?xml version="1.0" encoding="UTF-8" standalone="yes"?>
<styleSheet xmlns="http://schemas.openxmlformats.org/spreadsheetml/2006/main">
  <numFmts count="0"/>
  <fonts count="2">
    <font>
      <sz val="11"/>
      <color rgb="FF000000"/>
      <name val="Calibri"/>
    </font>
    <font>
      <b/>
      <strike/>
      <outline/>
      <shadow/>
      <u/>
      <vertAlign val="superscript"/>
      <sz val="33"/>
      <color rgb="FFFF0000"/>
      <name val="Times New Roman"/>
    </font>
  </fonts>
  <fills count="2">
    <fill>
      <patternFill patternType="none"/>
    </fill>
    <fill>
      <patternFill patternType="gray125"/>
    </fill>
  </fills>
  <borders count="1">
    <border>
      <left/>
      <right/>
      <top/>
      <bottom/>
      <diagonal/>
    </border>
  </borders>
  <cellStyleXfs count="1">
    <xf numFmtId="0" fontId="0" fillId="0" borderId="0"/>
  </cellStyleXfs>
  <cellXfs count="2">
    <xf numFmtId="0" fontId="0" fillId="0" borderId="0" xfId="0"/>
    <xf numFmtId="0" fontId="1" fillId="0" borderId="0" xfId="0" applyFont="1"/>
  </cellXfs>
  <cellStyles count="1">
    <cellStyle name="Normal" xfId="0" builtinId="0"/>
  </cellStyles>
  <dxfs count="0"/>
  <tableStyles count="0" defaultPivotStyle="PivotStyleLight16" defaultTableStyle="TableStyleMedium9"/>
</styleSheet>
